mode: set
github.com/Desarrollo-de-Soluciones-Cloud/202612-MISW4204-Grupo11/internal/adapters/inbound/http/handlers/academic_period_handler.go:17.92,19.2 1 1
github.com/Desarrollo-de-Soluciones-Cloud/202612-MISW4204-Grupo11/internal/adapters/inbound/http/handlers/academic_period_handler.go:27.67,29.52 2 1
github.com/Desarrollo-de-Soluciones-Cloud/202612-MISW4204-Grupo11/internal/adapters/inbound/http/handlers/academic_period_handler.go:29.52,32.3 2 1
github.com/Desarrollo-de-Soluciones-Cloud/202612-MISW4204-Grupo11/internal/adapters/inbound/http/handlers/academic_period_handler.go:34.2,35.16 2 1
github.com/Desarrollo-de-Soluciones-Cloud/202612-MISW4204-Grupo11/internal/adapters/inbound/http/handlers/academic_period_handler.go:35.16,38.3 2 1
github.com/Desarrollo-de-Soluciones-Cloud/202612-MISW4204-Grupo11/internal/adapters/inbound/http/handlers/academic_period_handler.go:39.2,40.16 2 1
github.com/Desarrollo-de-Soluciones-Cloud/202612-MISW4204-Grupo11/internal/adapters/inbound/http/handlers/academic_period_handler.go:40.16,43.3 2 0
github.com/Desarrollo-de-Soluciones-Cloud/202612-MISW4204-Grupo11/internal/adapters/inbound/http/handlers/academic_period_handler.go:45.2,50.16 2 1
github.com/Desarrollo-de-Soluciones-Cloud/202612-MISW4204-Grupo11/internal/adapters/inbound/http/handlers/academic_period_handler.go:50.16,53.3 2 1
github.com/Desarrollo-de-Soluciones-Cloud/202612-MISW4204-Grupo11/internal/adapters/inbound/http/handlers/academic_period_handler.go:54.2,54.41 1 1
github.com/Desarrollo-de-Soluciones-Cloud/202612-MISW4204-Grupo11/internal/adapters/inbound/http/handlers/academic_period_handler.go:57.65,59.16 2 1
github.com/Desarrollo-de-Soluciones-Cloud/202612-MISW4204-Grupo11/internal/adapters/inbound/http/handlers/academic_period_handler.go:59.16,62.3 2 1
github.com/Desarrollo-de-Soluciones-Cloud/202612-MISW4204-Grupo11/internal/adapters/inbound/http/handlers/academic_period_handler.go:63.2,63.37 1 1
github.com/Desarrollo-de-Soluciones-Cloud/202612-MISW4204-Grupo11/internal/adapters/inbound/http/handlers/academic_period_handler.go:66.66,68.16 2 1
github.com/Desarrollo-de-Soluciones-Cloud/202612-MISW4204-Grupo11/internal/adapters/inbound/http/handlers/academic_period_handler.go:68.16,71.3 2 1
github.com/Desarrollo-de-Soluciones-Cloud/202612-MISW4204-Grupo11/internal/adapters/inbound/http/handlers/academic_period_handler.go:72.2,72.78 1 1
github.com/Desarrollo-de-Soluciones-Cloud/202612-MISW4204-Grupo11/internal/adapters/inbound/http/handlers/academic_period_handler.go:72.78,75.3 2 1
github.com/Desarrollo-de-Soluciones-Cloud/202612-MISW4204-Grupo11/internal/adapters/inbound/http/handlers/academic_period_handler.go:76.2,76.55 1 1
github.com/Desarrollo-de-Soluciones-Cloud/202612-MISW4204-Grupo11/internal/adapters/inbound/http/handlers/academic_period_handler.go:79.50,80.9 1 1
github.com/Desarrollo-de-Soluciones-Cloud/202612-MISW4204-Grupo11/internal/adapters/inbound/http/handlers/academic_period_handler.go:81.53,82.64 1 1
github.com/Desarrollo-de-Soluciones-Cloud/202612-MISW4204-Grupo11/internal/adapters/inbound/http/handlers/academic_period_handler.go:84.51,85.75 1 1
github.com/Desarrollo-de-Soluciones-Cloud/202612-MISW4204-Grupo11/internal/adapters/inbound/http/handlers/academic_period_handler.go:86.10,87.75 1 0
github.com/Desarrollo-de-Soluciones-Cloud/202612-MISW4204-Grupo11/internal/adapters/inbound/http/handlers/academic_space_handler.go:20.89,22.2 1 1
github.com/Desarrollo-de-Soluciones-Cloud/202612-MISW4204-Grupo11/internal/adapters/inbound/http/handlers/academic_space_handler.go:24.64,26.13 2 1
github.com/Desarrollo-de-Soluciones-Cloud/202612-MISW4204-Grupo11/internal/adapters/inbound/http/handlers/academic_space_handler.go:26.13,28.3 1 1
github.com/Desarrollo-de-Soluciones-Cloud/202612-MISW4204-Grupo11/internal/adapters/inbound/http/handlers/academic_space_handler.go:29.2,30.15 2 1
github.com/Desarrollo-de-Soluciones-Cloud/202612-MISW4204-Grupo11/internal/adapters/inbound/http/handlers/academic_space_handler.go:42.66,44.9 2 1
github.com/Desarrollo-de-Soluciones-Cloud/202612-MISW4204-Grupo11/internal/adapters/inbound/http/handlers/academic_space_handler.go:44.9,47.3 2 1
github.com/Desarrollo-de-Soluciones-Cloud/202612-MISW4204-Grupo11/internal/adapters/inbound/http/handlers/academic_space_handler.go:49.2,50.52 2 1
github.com/Desarrollo-de-Soluciones-Cloud/202612-MISW4204-Grupo11/internal/adapters/inbound/http/handlers/academic_space_handler.go:50.52,53.3 2 1
github.com/Desarrollo-de-Soluciones-Cloud/202612-MISW4204-Grupo11/internal/adapters/inbound/http/handlers/academic_space_handler.go:55.2,56.16 2 1
github.com/Desarrollo-de-Soluciones-Cloud/202612-MISW4204-Grupo11/internal/adapters/inbound/http/handlers/academic_space_handler.go:56.16,59.3 2 1
github.com/Desarrollo-de-Soluciones-Cloud/202612-MISW4204-Grupo11/internal/adapters/inbound/http/handlers/academic_space_handler.go:60.2,61.16 2 1
github.com/Desarrollo-de-Soluciones-Cloud/202612-MISW4204-Grupo11/internal/adapters/inbound/http/handlers/academic_space_handler.go:61.16,64.3 2 0
github.com/Desarrollo-de-Soluciones-Cloud/202612-MISW4204-Grupo11/internal/adapters/inbound/http/handlers/academic_space_handler.go:66.2,75.16 2 1
github.com/Desarrollo-de-Soluciones-Cloud/202612-MISW4204-Grupo11/internal/adapters/inbound/http/handlers/academic_space_handler.go:75.16,78.3 2 1
github.com/Desarrollo-de-Soluciones-Cloud/202612-MISW4204-Grupo11/internal/adapters/inbound/http/handlers/academic_space_handler.go:79.2,79.40 1 1
github.com/Desarrollo-de-Soluciones-Cloud/202612-MISW4204-Grupo11/internal/adapters/inbound/http/handlers/academic_space_handler.go:82.64,84.9 2 1
github.com/Desarrollo-de-Soluciones-Cloud/202612-MISW4204-Grupo11/internal/adapters/inbound/http/handlers/academic_space_handler.go:84.9,87.3 2 0
github.com/Desarrollo-de-Soluciones-Cloud/202612-MISW4204-Grupo11/internal/adapters/inbound/http/handlers/academic_space_handler.go:89.2,90.16 2 1
github.com/Desarrollo-de-Soluciones-Cloud/202612-MISW4204-Grupo11/internal/adapters/inbound/http/handlers/academic_space_handler.go:90.16,93.3 2 1
github.com/Desarrollo-de-Soluciones-Cloud/202612-MISW4204-Grupo11/internal/adapters/inbound/http/handlers/academic_space_handler.go:94.2,94.36 1 1
github.com/Desarrollo-de-Soluciones-Cloud/202612-MISW4204-Grupo11/internal/adapters/inbound/http/handlers/academic_space_handler.go:97.75,99.16 2 1
github.com/Desarrollo-de-Soluciones-Cloud/202612-MISW4204-Grupo11/internal/adapters/inbound/http/handlers/academic_space_handler.go:99.16,102.3 2 1
github.com/Desarrollo-de-Soluciones-Cloud/202612-MISW4204-Grupo11/internal/adapters/inbound/http/handlers/academic_space_handler.go:103.2,103.36 1 1
github.com/Desarrollo-de-Soluciones-Cloud/202612-MISW4204-Grupo11/internal/adapters/inbound/http/handlers/academic_space_handler.go:106.63,108.9 2 1
github.com/Desarrollo-de-Soluciones-Cloud/202612-MISW4204-Grupo11/internal/adapters/inbound/http/handlers/academic_space_handler.go:108.9,111.3 2 0
github.com/Desarrollo-de-Soluciones-Cloud/202612-MISW4204-Grupo11/internal/adapters/inbound/http/handlers/academic_space_handler.go:113.2,114.16 2 1
github.com/Desarrollo-de-Soluciones-Cloud/202612-MISW4204-Grupo11/internal/adapters/inbound/http/handlers/academic_space_handler.go:114.16,117.3 2 0
github.com/Desarrollo-de-Soluciones-Cloud/202612-MISW4204-Grupo11/internal/adapters/inbound/http/handlers/academic_space_handler.go:119.2,120.16 2 1
github.com/Desarrollo-de-Soluciones-Cloud/202612-MISW4204-Grupo11/internal/adapters/inbound/http/handlers/academic_space_handler.go:120.16,123.3 2 1
github.com/Desarrollo-de-Soluciones-Cloud/202612-MISW4204-Grupo11/internal/adapters/inbound/http/handlers/academic_space_handler.go:124.2,124.35 1 0
github.com/Desarrollo-de-Soluciones-Cloud/202612-MISW4204-Grupo11/internal/adapters/inbound/http/handlers/academic_space_handler.go:127.65,129.9 2 1
github.com/Desarrollo-de-Soluciones-Cloud/202612-MISW4204-Grupo11/internal/adapters/inbound/http/handlers/academic_space_handler.go:129.9,132.3 2 0
github.com/Desarrollo-de-Soluciones-Cloud/202612-MISW4204-Grupo11/internal/adapters/inbound/http/handlers/academic_space_handler.go:134.2,135.16 2 1
github.com/Desarrollo-de-Soluciones-Cloud/202612-MISW4204-Grupo11/internal/adapters/inbound/http/handlers/academic_space_handler.go:135.16,138.3 2 0
github.com/Desarrollo-de-Soluciones-Cloud/202612-MISW4204-Grupo11/internal/adapters/inbound/http/handlers/academic_space_handler.go:140.2,140.85 1 1
github.com/Desarrollo-de-Soluciones-Cloud/202612-MISW4204-Grupo11/internal/adapters/inbound/http/handlers/academic_space_handler.go:140.85,143.3 2 1
github.com/Desarrollo-de-Soluciones-Cloud/202612-MISW4204-Grupo11/internal/adapters/inbound/http/handlers/academic_space_handler.go:144.2,144.55 1 1
github.com/Desarrollo-de-Soluciones-Cloud/202612-MISW4204-Grupo11/internal/adapters/inbound/http/handlers/academic_space_handler.go:147.49,148.9 1 1
github.com/Desarrollo-de-Soluciones-Cloud/202612-MISW4204-Grupo11/internal/adapters/inbound/http/handlers/academic_space_handler.go:150.49,151.64 1 1
github.com/Desarrollo-de-Soluciones-Cloud/202612-MISW4204-Grupo11/internal/adapters/inbound/http/handlers/academic_space_handler.go:152.54,153.65 1 1
github.com/Desarrollo-de-Soluciones-Cloud/202612-MISW4204-Grupo11/internal/adapters/inbound/http/handlers/academic_space_handler.go:157.51,158.75 1 0
github.com/Desarrollo-de-Soluciones-Cloud/202612-MISW4204-Grupo11/internal/adapters/inbound/http/handlers/academic_space_handler.go:159.10,160.75 1 0
github.com/Desarrollo-de-Soluciones-Cloud/202612-MISW4204-Grupo11/internal/adapters/inbound/http/handlers/academic_space_handler.go:164.64,166.2 1 1
github.com/Desarrollo-de-Soluciones-Cloud/202612-MISW4204-Grupo11/internal/adapters/inbound/http/handlers/admin.go:14.70,16.2 1 1
github.com/Desarrollo-de-Soluciones-Cloud/202612-MISW4204-Grupo11/internal/adapters/inbound/http/handlers/admin.go:18.51,20.16 2 1
github.com/Desarrollo-de-Soluciones-Cloud/202612-MISW4204-Grupo11/internal/adapters/inbound/http/handlers/admin.go:20.16,23.3 2 1
github.com/Desarrollo-de-Soluciones-Cloud/202612-MISW4204-Grupo11/internal/adapters/inbound/http/handlers/admin.go:24.2,24.33 1 1
github.com/Desarrollo-de-Soluciones-Cloud/202612-MISW4204-Grupo11/internal/adapters/inbound/http/handlers/assigment.go:16.80,18.2 1 1
github.com/Desarrollo-de-Soluciones-Cloud/202612-MISW4204-Grupo11/internal/adapters/inbound/http/handlers/assigment.go:26.58,28.9 2 1
github.com/Desarrollo-de-Soluciones-Cloud/202612-MISW4204-Grupo11/internal/adapters/inbound/http/handlers/assigment.go:28.9,31.3 2 1
github.com/Desarrollo-de-Soluciones-Cloud/202612-MISW4204-Grupo11/internal/adapters/inbound/http/handlers/assigment.go:33.2,34.16 2 1
github.com/Desarrollo-de-Soluciones-Cloud/202612-MISW4204-Grupo11/internal/adapters/inbound/http/handlers/assigment.go:34.16,37.3 2 1
github.com/Desarrollo-de-Soluciones-Cloud/202612-MISW4204-Grupo11/internal/adapters/inbound/http/handlers/assigment.go:39.2,40.47 2 1
github.com/Desarrollo-de-Soluciones-Cloud/202612-MISW4204-Grupo11/internal/adapters/inbound/http/handlers/assigment.go:40.47,43.3 2 1
github.com/Desarrollo-de-Soluciones-Cloud/202612-MISW4204-Grupo11/internal/adapters/inbound/http/handlers/assigment.go:45.2,52.16 2 1
github.com/Desarrollo-de-Soluciones-Cloud/202612-MISW4204-Grupo11/internal/adapters/inbound/http/handlers/assigment.go:52.16,55.3 2 1
github.com/Desarrollo-de-Soluciones-Cloud/202612-MISW4204-Grupo11/internal/adapters/inbound/http/handlers/assigment.go:56.2,56.40 1 1
github.com/Desarrollo-de-Soluciones-Cloud/202612-MISW4204-Grupo11/internal/adapters/inbound/http/handlers/assigment.go:59.63,61.9 2 1
github.com/Desarrollo-de-Soluciones-Cloud/202612-MISW4204-Grupo11/internal/adapters/inbound/http/handlers/assigment.go:61.9,64.3 2 0
github.com/Desarrollo-de-Soluciones-Cloud/202612-MISW4204-Grupo11/internal/adapters/inbound/http/handlers/assigment.go:66.2,67.16 2 1
github.com/Desarrollo-de-Soluciones-Cloud/202612-MISW4204-Grupo11/internal/adapters/inbound/http/handlers/assigment.go:67.16,70.3 2 0
github.com/Desarrollo-de-Soluciones-Cloud/202612-MISW4204-Grupo11/internal/adapters/inbound/http/handlers/assigment.go:72.2,73.16 2 1
github.com/Desarrollo-de-Soluciones-Cloud/202612-MISW4204-Grupo11/internal/adapters/inbound/http/handlers/assigment.go:73.16,76.3 2 1
github.com/Desarrollo-de-Soluciones-Cloud/202612-MISW4204-Grupo11/internal/adapters/inbound/http/handlers/assigment.go:77.2,77.36 1 1
github.com/Desarrollo-de-Soluciones-Cloud/202612-MISW4204-Grupo11/internal/adapters/inbound/http/handlers/assigment.go:80.69,82.9 2 1
github.com/Desarrollo-de-Soluciones-Cloud/202612-MISW4204-Grupo11/internal/adapters/inbound/http/handlers/assigment.go:82.9,85.3 2 0
github.com/Desarrollo-de-Soluciones-Cloud/202612-MISW4204-Grupo11/internal/adapters/inbound/http/handlers/assigment.go:87.2,88.16 2 1
github.com/Desarrollo-de-Soluciones-Cloud/202612-MISW4204-Grupo11/internal/adapters/inbound/http/handlers/assigment.go:88.16,91.3 2 1
github.com/Desarrollo-de-Soluciones-Cloud/202612-MISW4204-Grupo11/internal/adapters/inbound/http/handlers/assigment.go:92.2,92.36 1 1
github.com/Desarrollo-de-Soluciones-Cloud/202612-MISW4204-Grupo11/internal/adapters/inbound/http/handlers/assigment.go:95.55,97.9 2 1
github.com/Desarrollo-de-Soluciones-Cloud/202612-MISW4204-Grupo11/internal/adapters/inbound/http/handlers/assigment.go:97.9,100.3 2 0
github.com/Desarrollo-de-Soluciones-Cloud/202612-MISW4204-Grupo11/internal/adapters/inbound/http/handlers/assigment.go:102.2,103.16 2 1
github.com/Desarrollo-de-Soluciones-Cloud/202612-MISW4204-Grupo11/internal/adapters/inbound/http/handlers/assigment.go:103.16,106.3 2 1
github.com/Desarrollo-de-Soluciones-Cloud/202612-MISW4204-Grupo11/internal/adapters/inbound/http/handlers/assigment.go:108.2,109.16 2 1
github.com/Desarrollo-de-Soluciones-Cloud/202612-MISW4204-Grupo11/internal/adapters/inbound/http/handlers/assigment.go:109.16,112.3 2 1
github.com/Desarrollo-de-Soluciones-Cloud/202612-MISW4204-Grupo11/internal/adapters/inbound/http/handlers/assigment.go:113.2,113.35 1 0
github.com/Desarrollo-de-Soluciones-Cloud/202612-MISW4204-Grupo11/internal/adapters/inbound/http/handlers/assigment.go:116.49,117.9 1 1
github.com/Desarrollo-de-Soluciones-Cloud/202612-MISW4204-Grupo11/internal/adapters/inbound/http/handlers/assigment.go:119.49,120.59 1 1
github.com/Desarrollo-de-Soluciones-Cloud/202612-MISW4204-Grupo11/internal/adapters/inbound/http/handlers/assigment.go:121.54,122.60 1 1
github.com/Desarrollo-de-Soluciones-Cloud/202612-MISW4204-Grupo11/internal/adapters/inbound/http/handlers/assigment.go:128.58,129.70 1 1
github.com/Desarrollo-de-Soluciones-Cloud/202612-MISW4204-Grupo11/internal/adapters/inbound/http/handlers/assigment.go:130.10,131.70 1 0
github.com/Desarrollo-de-Soluciones-Cloud/202612-MISW4204-Grupo11/internal/adapters/inbound/http/handlers/assigment.go:135.67,137.9 2 1
github.com/Desarrollo-de-Soluciones-Cloud/202612-MISW4204-Grupo11/internal/adapters/inbound/http/handlers/assigment.go:137.9,140.3 2 0
github.com/Desarrollo-de-Soluciones-Cloud/202612-MISW4204-Grupo11/internal/adapters/inbound/http/handlers/assigment.go:142.2,143.16 2 1
github.com/Desarrollo-de-Soluciones-Cloud/202612-MISW4204-Grupo11/internal/adapters/inbound/http/handlers/assigment.go:143.16,146.3 2 1
github.com/Desarrollo-de-Soluciones-Cloud/202612-MISW4204-Grupo11/internal/adapters/inbound/http/handlers/assigment.go:147.2,147.36 1 1
github.com/Desarrollo-de-Soluciones-Cloud/202612-MISW4204-Grupo11/internal/adapters/inbound/http/handlers/assigment.go:150.67,152.16 2 1
github.com/Desarrollo-de-Soluciones-Cloud/202612-MISW4204-Grupo11/internal/adapters/inbound/http/handlers/assigment.go:152.16,155.3 2 1
github.com/Desarrollo-de-Soluciones-Cloud/202612-MISW4204-Grupo11/internal/adapters/inbound/http/handlers/assigment.go:156.2,156.36 1 1
github.com/Desarrollo-de-Soluciones-Cloud/202612-MISW4204-Grupo11/internal/adapters/inbound/http/handlers/assigment.go:164.65,166.16 2 1
github.com/Desarrollo-de-Soluciones-Cloud/202612-MISW4204-Grupo11/internal/adapters/inbound/http/handlers/assigment.go:166.16,169.3 2 1
github.com/Desarrollo-de-Soluciones-Cloud/202612-MISW4204-Grupo11/internal/adapters/inbound/http/handlers/assigment.go:171.2,172.47 2 1
github.com/Desarrollo-de-Soluciones-Cloud/202612-MISW4204-Grupo11/internal/adapters/inbound/http/handlers/assigment.go:172.47,175.3 2 1
github.com/Desarrollo-de-Soluciones-Cloud/202612-MISW4204-Grupo11/internal/adapters/inbound/http/handlers/assigment.go:177.2,181.16 2 1
github.com/Desarrollo-de-Soluciones-Cloud/202612-MISW4204-Grupo11/internal/adapters/inbound/http/handlers/assigment.go:181.16,184.3 2 1
github.com/Desarrollo-de-Soluciones-Cloud/202612-MISW4204-Grupo11/internal/adapters/inbound/http/handlers/assigment.go:185.2,185.35 1 1
github.com/Desarrollo-de-Soluciones-Cloud/202612-MISW4204-Grupo11/internal/adapters/inbound/http/handlers/auth.go:20.48,22.59 2 1
github.com/Desarrollo-de-Soluciones-Cloud/202612-MISW4204-Grupo11/internal/adapters/inbound/http/handlers/auth.go:22.59,25.3 2 1
github.com/Desarrollo-de-Soluciones-Cloud/202612-MISW4204-Grupo11/internal/adapters/inbound/http/handlers/auth.go:26.2,27.21 2 1
github.com/Desarrollo-de-Soluciones-Cloud/202612-MISW4204-Grupo11/internal/adapters/inbound/http/handlers/auth.go:27.21,28.54 1 1
github.com/Desarrollo-de-Soluciones-Cloud/202612-MISW4204-Grupo11/internal/adapters/inbound/http/handlers/auth.go:28.54,31.4 2 1
github.com/Desarrollo-de-Soluciones-Cloud/202612-MISW4204-Grupo11/internal/adapters/inbound/http/handlers/auth.go:32.3,33.9 2 1
github.com/Desarrollo-de-Soluciones-Cloud/202612-MISW4204-Grupo11/internal/adapters/inbound/http/handlers/auth.go:35.2,38.4 1 1
github.com/Desarrollo-de-Soluciones-Cloud/202612-MISW4204-Grupo11/internal/adapters/inbound/http/handlers/reports.go:20.120,22.24 2 1
github.com/Desarrollo-de-Soluciones-Cloud/202612-MISW4204-Grupo11/internal/adapters/inbound/http/handlers/reports.go:22.24,24.3 1 1
github.com/Desarrollo-de-Soluciones-Cloud/202612-MISW4204-Grupo11/internal/adapters/inbound/http/handlers/reports.go:25.2,25.73 1 1
github.com/Desarrollo-de-Soluciones-Cloud/202612-MISW4204-Grupo11/internal/adapters/inbound/http/handlers/reports.go:28.79,31.2 2 1
github.com/Desarrollo-de-Soluciones-Cloud/202612-MISW4204-Grupo11/internal/adapters/inbound/http/handlers/reports.go:37.56,39.9 2 1
github.com/Desarrollo-de-Soluciones-Cloud/202612-MISW4204-Grupo11/internal/adapters/inbound/http/handlers/reports.go:39.9,42.3 2 1
github.com/Desarrollo-de-Soluciones-Cloud/202612-MISW4204-Grupo11/internal/adapters/inbound/http/handlers/reports.go:44.2,45.47 2 1
github.com/Desarrollo-de-Soluciones-Cloud/202612-MISW4204-Grupo11/internal/adapters/inbound/http/handlers/reports.go:45.47,48.3 2 1
github.com/Desarrollo-de-Soluciones-Cloud/202612-MISW4204-Grupo11/internal/adapters/inbound/http/handlers/reports.go:50.2,51.16 2 1
github.com/Desarrollo-de-Soluciones-Cloud/202612-MISW4204-Grupo11/internal/adapters/inbound/http/handlers/reports.go:51.16,54.3 2 1
github.com/Desarrollo-de-Soluciones-Cloud/202612-MISW4204-Grupo11/internal/adapters/inbound/http/handlers/reports.go:56.2,56.24 1 1
github.com/Desarrollo-de-Soluciones-Cloud/202612-MISW4204-Grupo11/internal/adapters/inbound/http/handlers/reports.go:56.24,58.17 2 1
github.com/Desarrollo-de-Soluciones-Cloud/202612-MISW4204-Grupo11/internal/adapters/inbound/http/handlers/reports.go:58.17,61.4 2 1
github.com/Desarrollo-de-Soluciones-Cloud/202612-MISW4204-Grupo11/internal/adapters/inbound/http/handlers/reports.go:62.3,62.21 1 1
github.com/Desarrollo-de-Soluciones-Cloud/202612-MISW4204-Grupo11/internal/adapters/inbound/http/handlers/reports.go:62.21,64.4 1 0
github.com/Desarrollo-de-Soluciones-Cloud/202612-MISW4204-Grupo11/internal/adapters/inbound/http/handlers/reports.go:65.3,66.9 2 1
github.com/Desarrollo-de-Soluciones-Cloud/202612-MISW4204-Grupo11/internal/adapters/inbound/http/handlers/reports.go:69.2,70.16 2 1
github.com/Desarrollo-de-Soluciones-Cloud/202612-MISW4204-Grupo11/internal/adapters/inbound/http/handlers/reports.go:70.16,73.3 2 1
github.com/Desarrollo-de-Soluciones-Cloud/202612-MISW4204-Grupo11/internal/adapters/inbound/http/handlers/reports.go:75.2,79.4 1 1
github.com/Desarrollo-de-Soluciones-Cloud/202612-MISW4204-Grupo11/internal/adapters/inbound/http/handlers/reports.go:82.46,84.9 2 1
github.com/Desarrollo-de-Soluciones-Cloud/202612-MISW4204-Grupo11/internal/adapters/inbound/http/handlers/reports.go:84.9,87.3 2 1
github.com/Desarrollo-de-Soluciones-Cloud/202612-MISW4204-Grupo11/internal/adapters/inbound/http/handlers/reports.go:89.2,91.24 2 1
github.com/Desarrollo-de-Soluciones-Cloud/202612-MISW4204-Grupo11/internal/adapters/inbound/http/handlers/reports.go:91.24,93.17 2 1
github.com/Desarrollo-de-Soluciones-Cloud/202612-MISW4204-Grupo11/internal/adapters/inbound/http/handlers/reports.go:93.17,96.4 2 1
github.com/Desarrollo-de-Soluciones-Cloud/202612-MISW4204-Grupo11/internal/adapters/inbound/http/handlers/reports.go:98.3,99.17 2 1
github.com/Desarrollo-de-Soluciones-Cloud/202612-MISW4204-Grupo11/internal/adapters/inbound/http/handlers/reports.go:99.17,102.4 2 1
github.com/Desarrollo-de-Soluciones-Cloud/202612-MISW4204-Grupo11/internal/adapters/inbound/http/handlers/reports.go:103.3,104.9 2 1
github.com/Desarrollo-de-Soluciones-Cloud/202612-MISW4204-Grupo11/internal/adapters/inbound/http/handlers/reports.go:107.2,108.16 2 1
github.com/Desarrollo-de-Soluciones-Cloud/202612-MISW4204-Grupo11/internal/adapters/inbound/http/handlers/reports.go:108.16,111.3 2 1
github.com/Desarrollo-de-Soluciones-Cloud/202612-MISW4204-Grupo11/internal/adapters/inbound/http/handlers/reports.go:112.2,112.32 1 1
github.com/Desarrollo-de-Soluciones-Cloud/202612-MISW4204-Grupo11/internal/adapters/inbound/http/handlers/reports.go:115.50,117.9 2 1
github.com/Desarrollo-de-Soluciones-Cloud/202612-MISW4204-Grupo11/internal/adapters/inbound/http/handlers/reports.go:117.9,120.3 2 1
github.com/Desarrollo-de-Soluciones-Cloud/202612-MISW4204-Grupo11/internal/adapters/inbound/http/handlers/reports.go:122.2,123.16 2 1
github.com/Desarrollo-de-Soluciones-Cloud/202612-MISW4204-Grupo11/internal/adapters/inbound/http/handlers/reports.go:123.16,126.3 2 1
github.com/Desarrollo-de-Soluciones-Cloud/202612-MISW4204-Grupo11/internal/adapters/inbound/http/handlers/reports.go:128.2,129.16 2 1
github.com/Desarrollo-de-Soluciones-Cloud/202612-MISW4204-Grupo11/internal/adapters/inbound/http/handlers/reports.go:129.16,132.3 2 1
github.com/Desarrollo-de-Soluciones-Cloud/202612-MISW4204-Grupo11/internal/adapters/inbound/http/handlers/reports.go:134.2,134.22 1 1
github.com/Desarrollo-de-Soluciones-Cloud/202612-MISW4204-Grupo11/internal/adapters/inbound/http/handlers/reports.go:134.22,136.17 2 1
github.com/Desarrollo-de-Soluciones-Cloud/202612-MISW4204-Grupo11/internal/adapters/inbound/http/handlers/reports.go:136.17,139.4 2 0
github.com/Desarrollo-de-Soluciones-Cloud/202612-MISW4204-Grupo11/internal/adapters/inbound/http/handlers/reports.go:140.3,142.24 2 1
github.com/Desarrollo-de-Soluciones-Cloud/202612-MISW4204-Grupo11/internal/adapters/inbound/http/handlers/reports.go:142.24,144.4 1 1
github.com/Desarrollo-de-Soluciones-Cloud/202612-MISW4204-Grupo11/internal/adapters/inbound/http/handlers/reports.go:145.3,146.9 2 1
github.com/Desarrollo-de-Soluciones-Cloud/202612-MISW4204-Grupo11/internal/adapters/inbound/http/handlers/reports.go:149.2,150.18 2 1
github.com/Desarrollo-de-Soluciones-Cloud/202612-MISW4204-Grupo11/internal/adapters/inbound/http/handlers/reports.go:153.45,154.9 1 1
github.com/Desarrollo-de-Soluciones-Cloud/202612-MISW4204-Grupo11/internal/adapters/inbound/http/handlers/reports.go:155.53,156.59 1 1
github.com/Desarrollo-de-Soluciones-Cloud/202612-MISW4204-Grupo11/internal/adapters/inbound/http/handlers/reports.go:157.53,158.60 1 1
github.com/Desarrollo-de-Soluciones-Cloud/202612-MISW4204-Grupo11/internal/adapters/inbound/http/handlers/reports.go:159.55,160.61 1 1
github.com/Desarrollo-de-Soluciones-Cloud/202612-MISW4204-Grupo11/internal/adapters/inbound/http/handlers/reports.go:161.10,162.70 1 1
github.com/Desarrollo-de-Soluciones-Cloud/202612-MISW4204-Grupo11/internal/adapters/inbound/http/handlers/tasks.go:19.65,21.2 1 1
github.com/Desarrollo-de-Soluciones-Cloud/202612-MISW4204-Grupo11/internal/adapters/inbound/http/handlers/tasks.go:43.46,45.9 2 1
github.com/Desarrollo-de-Soluciones-Cloud/202612-MISW4204-Grupo11/internal/adapters/inbound/http/handlers/tasks.go:45.9,48.3 2 1
github.com/Desarrollo-de-Soluciones-Cloud/202612-MISW4204-Grupo11/internal/adapters/inbound/http/handlers/tasks.go:50.2,51.47 2 1
github.com/Desarrollo-de-Soluciones-Cloud/202612-MISW4204-Grupo11/internal/adapters/inbound/http/handlers/tasks.go:51.47,54.3 2 1
github.com/Desarrollo-de-Soluciones-Cloud/202612-MISW4204-Grupo11/internal/adapters/inbound/http/handlers/tasks.go:56.2,56.36 1 1
github.com/Desarrollo-de-Soluciones-Cloud/202612-MISW4204-Grupo11/internal/adapters/inbound/http/handlers/tasks.go:56.36,59.3 2 1
github.com/Desarrollo-de-Soluciones-Cloud/202612-MISW4204-Grupo11/internal/adapters/inbound/http/handlers/tasks.go:61.2,62.16 2 1
github.com/Desarrollo-de-Soluciones-Cloud/202612-MISW4204-Grupo11/internal/adapters/inbound/http/handlers/tasks.go:62.16,65.3 2 1
github.com/Desarrollo-de-Soluciones-Cloud/202612-MISW4204-Grupo11/internal/adapters/inbound/http/handlers/tasks.go:67.2,77.77 2 1
github.com/Desarrollo-de-Soluciones-Cloud/202612-MISW4204-Grupo11/internal/adapters/inbound/http/handlers/tasks.go:77.77,80.3 2 1
github.com/Desarrollo-de-Soluciones-Cloud/202612-MISW4204-Grupo11/internal/adapters/inbound/http/handlers/tasks.go:82.2,82.34 1 1
github.com/Desarrollo-de-Soluciones-Cloud/202612-MISW4204-Grupo11/internal/adapters/inbound/http/handlers/tasks.go:85.46,87.9 2 1
github.com/Desarrollo-de-Soluciones-Cloud/202612-MISW4204-Grupo11/internal/adapters/inbound/http/handlers/tasks.go:87.9,90.3 2 0
github.com/Desarrollo-de-Soluciones-Cloud/202612-MISW4204-Grupo11/internal/adapters/inbound/http/handlers/tasks.go:92.2,93.16 2 1
github.com/Desarrollo-de-Soluciones-Cloud/202612-MISW4204-Grupo11/internal/adapters/inbound/http/handlers/tasks.go:93.16,96.3 2 1
github.com/Desarrollo-de-Soluciones-Cloud/202612-MISW4204-Grupo11/internal/adapters/inbound/http/handlers/tasks.go:98.2,98.30 1 1
github.com/Desarrollo-de-Soluciones-Cloud/202612-MISW4204-Grupo11/internal/adapters/inbound/http/handlers/tasks.go:101.56,103.9 2 1
github.com/Desarrollo-de-Soluciones-Cloud/202612-MISW4204-Grupo11/internal/adapters/inbound/http/handlers/tasks.go:103.9,106.3 2 0
github.com/Desarrollo-de-Soluciones-Cloud/202612-MISW4204-Grupo11/internal/adapters/inbound/http/handlers/tasks.go:108.2,109.16 2 1
github.com/Desarrollo-de-Soluciones-Cloud/202612-MISW4204-Grupo11/internal/adapters/inbound/http/handlers/tasks.go:109.16,112.3 2 1
github.com/Desarrollo-de-Soluciones-Cloud/202612-MISW4204-Grupo11/internal/adapters/inbound/http/handlers/tasks.go:114.2,114.30 1 1
github.com/Desarrollo-de-Soluciones-Cloud/202612-MISW4204-Grupo11/internal/adapters/inbound/http/handlers/tasks.go:117.56,119.9 2 1
github.com/Desarrollo-de-Soluciones-Cloud/202612-MISW4204-Grupo11/internal/adapters/inbound/http/handlers/tasks.go:119.9,122.3 2 1
github.com/Desarrollo-de-Soluciones-Cloud/202612-MISW4204-Grupo11/internal/adapters/inbound/http/handlers/tasks.go:124.2,125.16 2 1
github.com/Desarrollo-de-Soluciones-Cloud/202612-MISW4204-Grupo11/internal/adapters/inbound/http/handlers/tasks.go:125.16,128.3 2 1
github.com/Desarrollo-de-Soluciones-Cloud/202612-MISW4204-Grupo11/internal/adapters/inbound/http/handlers/tasks.go:130.2,131.16 2 1
github.com/Desarrollo-de-Soluciones-Cloud/202612-MISW4204-Grupo11/internal/adapters/inbound/http/handlers/tasks.go:131.16,134.3 2 0
github.com/Desarrollo-de-Soluciones-Cloud/202612-MISW4204-Grupo11/internal/adapters/inbound/http/handlers/tasks.go:136.2,136.30 1 1
github.com/Desarrollo-de-Soluciones-Cloud/202612-MISW4204-Grupo11/internal/adapters/inbound/http/handlers/tasks.go:139.49,141.16 2 1
github.com/Desarrollo-de-Soluciones-Cloud/202612-MISW4204-Grupo11/internal/adapters/inbound/http/handlers/tasks.go:141.16,144.3 2 1
github.com/Desarrollo-de-Soluciones-Cloud/202612-MISW4204-Grupo11/internal/adapters/inbound/http/handlers/tasks.go:146.2,146.30 1 1
github.com/Desarrollo-de-Soluciones-Cloud/202612-MISW4204-Grupo11/internal/adapters/inbound/http/handlers/tasks.go:149.47,151.9 2 1
github.com/Desarrollo-de-Soluciones-Cloud/202612-MISW4204-Grupo11/internal/adapters/inbound/http/handlers/tasks.go:151.9,154.3 2 0
github.com/Desarrollo-de-Soluciones-Cloud/202612-MISW4204-Grupo11/internal/adapters/inbound/http/handlers/tasks.go:156.2,159.16 3 1
github.com/Desarrollo-de-Soluciones-Cloud/202612-MISW4204-Grupo11/internal/adapters/inbound/http/handlers/tasks.go:159.16,162.3 2 1
github.com/Desarrollo-de-Soluciones-Cloud/202612-MISW4204-Grupo11/internal/adapters/inbound/http/handlers/tasks.go:164.2,164.29 1 0
github.com/Desarrollo-de-Soluciones-Cloud/202612-MISW4204-Grupo11/internal/adapters/inbound/http/handlers/tasks.go:167.46,169.9 2 1
github.com/Desarrollo-de-Soluciones-Cloud/202612-MISW4204-Grupo11/internal/adapters/inbound/http/handlers/tasks.go:169.9,172.3 2 0
github.com/Desarrollo-de-Soluciones-Cloud/202612-MISW4204-Grupo11/internal/adapters/inbound/http/handlers/tasks.go:174.2,177.47 3 1
github.com/Desarrollo-de-Soluciones-Cloud/202612-MISW4204-Grupo11/internal/adapters/inbound/http/handlers/tasks.go:177.47,180.3 2 1
github.com/Desarrollo-de-Soluciones-Cloud/202612-MISW4204-Grupo11/internal/adapters/inbound/http/handlers/tasks.go:182.2,182.36 1 1
github.com/Desarrollo-de-Soluciones-Cloud/202612-MISW4204-Grupo11/internal/adapters/inbound/http/handlers/tasks.go:182.36,185.3 2 0
github.com/Desarrollo-de-Soluciones-Cloud/202612-MISW4204-Grupo11/internal/adapters/inbound/http/handlers/tasks.go:187.2,188.16 2 1
github.com/Desarrollo-de-Soluciones-Cloud/202612-MISW4204-Grupo11/internal/adapters/inbound/http/handlers/tasks.go:188.16,191.3 2 1
github.com/Desarrollo-de-Soluciones-Cloud/202612-MISW4204-Grupo11/internal/adapters/inbound/http/handlers/tasks.go:193.2,202.77 2 1
github.com/Desarrollo-de-Soluciones-Cloud/202612-MISW4204-Grupo11/internal/adapters/inbound/http/handlers/tasks.go:202.77,205.3 2 1
github.com/Desarrollo-de-Soluciones-Cloud/202612-MISW4204-Grupo11/internal/adapters/inbound/http/handlers/tasks.go:207.2,209.4 1 0
github.com/Desarrollo-de-Soluciones-Cloud/202612-MISW4204-Grupo11/internal/adapters/inbound/http/handlers/tasks.go:212.51,214.9 2 1
github.com/Desarrollo-de-Soluciones-Cloud/202612-MISW4204-Grupo11/internal/adapters/inbound/http/handlers/tasks.go:214.9,217.3 2 0
github.com/Desarrollo-de-Soluciones-Cloud/202612-MISW4204-Grupo11/internal/adapters/inbound/http/handlers/tasks.go:219.2,222.49 3 1
github.com/Desarrollo-de-Soluciones-Cloud/202612-MISW4204-Grupo11/internal/adapters/inbound/http/handlers/tasks.go:222.49,225.3 2 1
github.com/Desarrollo-de-Soluciones-Cloud/202612-MISW4204-Grupo11/internal/adapters/inbound/http/handlers/tasks.go:227.2,227.70 1 1
github.com/Desarrollo-de-Soluciones-Cloud/202612-MISW4204-Grupo11/internal/adapters/inbound/http/handlers/tasks.go:227.70,230.3 2 0
github.com/Desarrollo-de-Soluciones-Cloud/202612-MISW4204-Grupo11/internal/adapters/inbound/http/handlers/tasks.go:232.2,233.16 2 1
github.com/Desarrollo-de-Soluciones-Cloud/202612-MISW4204-Grupo11/internal/adapters/inbound/http/handlers/tasks.go:233.16,236.3 2 0
github.com/Desarrollo-de-Soluciones-Cloud/202612-MISW4204-Grupo11/internal/adapters/inbound/http/handlers/tasks.go:238.2,238.29 1 1
github.com/Desarrollo-de-Soluciones-Cloud/202612-MISW4204-Grupo11/internal/adapters/inbound/http/handlers/tasks.go:241.52,243.9 2 1
github.com/Desarrollo-de-Soluciones-Cloud/202612-MISW4204-Grupo11/internal/adapters/inbound/http/handlers/tasks.go:243.9,246.3 2 0
github.com/Desarrollo-de-Soluciones-Cloud/202612-MISW4204-Grupo11/internal/adapters/inbound/http/handlers/tasks.go:248.2,254.51 3 1
github.com/Desarrollo-de-Soluciones-Cloud/202612-MISW4204-Grupo11/internal/adapters/inbound/http/handlers/tasks.go:254.51,257.3 2 1
github.com/Desarrollo-de-Soluciones-Cloud/202612-MISW4204-Grupo11/internal/adapters/inbound/http/handlers/tasks.go:259.2,259.48 1 1
github.com/Desarrollo-de-Soluciones-Cloud/202612-MISW4204-Grupo11/internal/adapters/inbound/http/handlers/tasks.go:259.48,262.3 2 1
github.com/Desarrollo-de-Soluciones-Cloud/202612-MISW4204-Grupo11/internal/adapters/inbound/http/handlers/tasks.go:264.2,265.16 2 1
github.com/Desarrollo-de-Soluciones-Cloud/202612-MISW4204-Grupo11/internal/adapters/inbound/http/handlers/tasks.go:265.16,268.3 2 1
github.com/Desarrollo-de-Soluciones-Cloud/202612-MISW4204-Grupo11/internal/adapters/inbound/http/handlers/tasks.go:270.2,275.83 2 1
github.com/Desarrollo-de-Soluciones-Cloud/202612-MISW4204-Grupo11/internal/adapters/inbound/http/handlers/tasks.go:275.83,278.3 2 0
github.com/Desarrollo-de-Soluciones-Cloud/202612-MISW4204-Grupo11/internal/adapters/inbound/http/handlers/tasks.go:280.2,282.4 1 1
github.com/Desarrollo-de-Soluciones-Cloud/202612-MISW4204-Grupo11/internal/adapters/inbound/http/handlers/tasks.go:285.46,287.9 2 1
github.com/Desarrollo-de-Soluciones-Cloud/202612-MISW4204-Grupo11/internal/adapters/inbound/http/handlers/tasks.go:287.9,290.3 2 0
github.com/Desarrollo-de-Soluciones-Cloud/202612-MISW4204-Grupo11/internal/adapters/inbound/http/handlers/tasks.go:292.2,294.78 2 1
github.com/Desarrollo-de-Soluciones-Cloud/202612-MISW4204-Grupo11/internal/adapters/inbound/http/handlers/tasks.go:294.78,297.3 2 1
github.com/Desarrollo-de-Soluciones-Cloud/202612-MISW4204-Grupo11/internal/adapters/inbound/http/handlers/tasks.go:299.2,301.4 1 1
github.com/Desarrollo-de-Soluciones-Cloud/202612-MISW4204-Grupo11/internal/adapters/inbound/http/handlers/tasks.go:304.51,307.16 2 0
github.com/Desarrollo-de-Soluciones-Cloud/202612-MISW4204-Grupo11/internal/adapters/inbound/http/handlers/tasks.go:307.16,310.3 2 0
github.com/Desarrollo-de-Soluciones-Cloud/202612-MISW4204-Grupo11/internal/adapters/inbound/http/handlers/tasks.go:312.2,312.30 1 0
github.com/Desarrollo-de-Soluciones-Cloud/202612-MISW4204-Grupo11/internal/adapters/inbound/http/handlers/tasks.go:315.56,317.9 2 1
github.com/Desarrollo-de-Soluciones-Cloud/202612-MISW4204-Grupo11/internal/adapters/inbound/http/handlers/tasks.go:317.9,320.3 2 1
github.com/Desarrollo-de-Soluciones-Cloud/202612-MISW4204-Grupo11/internal/adapters/inbound/http/handlers/tasks.go:322.2,325.16 3 1
github.com/Desarrollo-de-Soluciones-Cloud/202612-MISW4204-Grupo11/internal/adapters/inbound/http/handlers/tasks.go:325.16,328.3 2 1
github.com/Desarrollo-de-Soluciones-Cloud/202612-MISW4204-Grupo11/internal/adapters/inbound/http/handlers/tasks.go:330.2,331.16 2 1
github.com/Desarrollo-de-Soluciones-Cloud/202612-MISW4204-Grupo11/internal/adapters/inbound/http/handlers/tasks.go:331.16,334.3 2 1
github.com/Desarrollo-de-Soluciones-Cloud/202612-MISW4204-Grupo11/internal/adapters/inbound/http/handlers/tasks.go:336.2,336.40 1 1
github.com/Desarrollo-de-Soluciones-Cloud/202612-MISW4204-Grupo11/internal/adapters/inbound/http/handlers/tasks.go:339.54,343.16 3 1
github.com/Desarrollo-de-Soluciones-Cloud/202612-MISW4204-Grupo11/internal/adapters/inbound/http/handlers/tasks.go:343.16,348.3 2 1
github.com/Desarrollo-de-Soluciones-Cloud/202612-MISW4204-Grupo11/internal/adapters/inbound/http/handlers/tasks.go:350.2,351.16 2 1
github.com/Desarrollo-de-Soluciones-Cloud/202612-MISW4204-Grupo11/internal/adapters/inbound/http/handlers/tasks.go:351.16,357.3 2 1
github.com/Desarrollo-de-Soluciones-Cloud/202612-MISW4204-Grupo11/internal/adapters/inbound/http/handlers/tasks.go:359.2,362.4 1 1
github.com/Desarrollo-de-Soluciones-Cloud/202612-MISW4204-Grupo11/internal/adapters/inbound/http/handlers/tasks.go:365.47,366.9 1 1
github.com/Desarrollo-de-Soluciones-Cloud/202612-MISW4204-Grupo11/internal/adapters/inbound/http/handlers/tasks.go:367.46,368.59 1 1
github.com/Desarrollo-de-Soluciones-Cloud/202612-MISW4204-Grupo11/internal/adapters/inbound/http/handlers/tasks.go:369.10,370.70 1 1
github.com/Desarrollo-de-Soluciones-Cloud/202612-MISW4204-Grupo11/internal/adapters/inbound/http/handlers/tasks.go:374.49,375.9 1 1
github.com/Desarrollo-de-Soluciones-Cloud/202612-MISW4204-Grupo11/internal/adapters/inbound/http/handlers/tasks.go:376.46,377.59 1 0
github.com/Desarrollo-de-Soluciones-Cloud/202612-MISW4204-Grupo11/internal/adapters/inbound/http/handlers/tasks.go:379.43,380.60 1 1
github.com/Desarrollo-de-Soluciones-Cloud/202612-MISW4204-Grupo11/internal/adapters/inbound/http/handlers/tasks.go:383.53,384.61 1 1
github.com/Desarrollo-de-Soluciones-Cloud/202612-MISW4204-Grupo11/internal/adapters/inbound/http/handlers/tasks.go:388.55,389.70 1 1
github.com/Desarrollo-de-Soluciones-Cloud/202612-MISW4204-Grupo11/internal/adapters/inbound/http/handlers/tasks.go:390.10,391.61 1 1
github.com/Desarrollo-de-Soluciones-Cloud/202612-MISW4204-Grupo11/internal/adapters/inbound/http/handlers/tasks.go:395.44,400.2 2 1
github.com/Desarrollo-de-Soluciones-Cloud/202612-MISW4204-Grupo11/internal/adapters/inbound/http/handlers/users.go:27.49,28.37 1 1
github.com/Desarrollo-de-Soluciones-Cloud/202612-MISW4204-Grupo11/internal/adapters/inbound/http/handlers/users.go:28.37,29.78 1 1
github.com/Desarrollo-de-Soluciones-Cloud/202612-MISW4204-Grupo11/internal/adapters/inbound/http/handlers/users.go:29.78,31.4 1 1
github.com/Desarrollo-de-Soluciones-Cloud/202612-MISW4204-Grupo11/internal/adapters/inbound/http/handlers/users.go:33.2,33.14 1 1
github.com/Desarrollo-de-Soluciones-Cloud/202612-MISW4204-Grupo11/internal/adapters/inbound/http/handlers/users.go:36.55,37.38 1 1
github.com/Desarrollo-de-Soluciones-Cloud/202612-MISW4204-Grupo11/internal/adapters/inbound/http/handlers/users.go:37.38,38.42 1 1
github.com/Desarrollo-de-Soluciones-Cloud/202612-MISW4204-Grupo11/internal/adapters/inbound/http/handlers/users.go:38.42,40.4 1 1
github.com/Desarrollo-de-Soluciones-Cloud/202612-MISW4204-Grupo11/internal/adapters/inbound/http/handlers/users.go:42.2,42.14 1 1
github.com/Desarrollo-de-Soluciones-Cloud/202612-MISW4204-Grupo11/internal/adapters/inbound/http/handlers/users.go:46.44,48.59 2 1
github.com/Desarrollo-de-Soluciones-Cloud/202612-MISW4204-Grupo11/internal/adapters/inbound/http/handlers/users.go:48.59,51.3 2 1
github.com/Desarrollo-de-Soluciones-Cloud/202612-MISW4204-Grupo11/internal/adapters/inbound/http/handlers/users.go:53.2,55.21 3 1
github.com/Desarrollo-de-Soluciones-Cloud/202612-MISW4204-Grupo11/internal/adapters/inbound/http/handlers/users.go:55.21,58.3 2 1
github.com/Desarrollo-de-Soluciones-Cloud/202612-MISW4204-Grupo11/internal/adapters/inbound/http/handlers/users.go:60.2,60.65 1 1
github.com/Desarrollo-de-Soluciones-Cloud/202612-MISW4204-Grupo11/internal/adapters/inbound/http/handlers/users.go:60.65,62.3 1 1
github.com/Desarrollo-de-Soluciones-Cloud/202612-MISW4204-Grupo11/internal/adapters/inbound/http/handlers/users.go:64.2,64.44 1 1
github.com/Desarrollo-de-Soluciones-Cloud/202612-MISW4204-Grupo11/internal/adapters/inbound/http/handlers/users.go:67.99,68.20 1 1
github.com/Desarrollo-de-Soluciones-Cloud/202612-MISW4204-Grupo11/internal/adapters/inbound/http/handlers/users.go:68.20,70.3 1 1
github.com/Desarrollo-de-Soluciones-Cloud/202612-MISW4204-Grupo11/internal/adapters/inbound/http/handlers/users.go:71.2,71.40 1 1
github.com/Desarrollo-de-Soluciones-Cloud/202612-MISW4204-Grupo11/internal/adapters/inbound/http/handlers/users.go:74.88,75.30 1 1
github.com/Desarrollo-de-Soluciones-Cloud/202612-MISW4204-Grupo11/internal/adapters/inbound/http/handlers/users.go:75.30,77.3 1 1
github.com/Desarrollo-de-Soluciones-Cloud/202612-MISW4204-Grupo11/internal/adapters/inbound/http/handlers/users.go:78.2,81.14 2 1
github.com/Desarrollo-de-Soluciones-Cloud/202612-MISW4204-Grupo11/internal/adapters/inbound/http/handlers/users.go:84.65,85.33 1 1
github.com/Desarrollo-de-Soluciones-Cloud/202612-MISW4204-Grupo11/internal/adapters/inbound/http/handlers/users.go:85.33,88.3 2 1
github.com/Desarrollo-de-Soluciones-Cloud/202612-MISW4204-Grupo11/internal/adapters/inbound/http/handlers/users.go:89.2,90.47 2 1
github.com/Desarrollo-de-Soluciones-Cloud/202612-MISW4204-Grupo11/internal/adapters/inbound/http/handlers/users.go:90.47,93.3 2 1
github.com/Desarrollo-de-Soluciones-Cloud/202612-MISW4204-Grupo11/internal/adapters/inbound/http/handlers/users.go:94.2,96.21 3 1
github.com/Desarrollo-de-Soluciones-Cloud/202612-MISW4204-Grupo11/internal/adapters/inbound/http/handlers/users.go:96.21,99.3 2 1
github.com/Desarrollo-de-Soluciones-Cloud/202612-MISW4204-Grupo11/internal/adapters/inbound/http/handlers/users.go:100.2,100.41 1 1
github.com/Desarrollo-de-Soluciones-Cloud/202612-MISW4204-Grupo11/internal/adapters/inbound/http/handlers/users.go:100.41,103.3 2 1
github.com/Desarrollo-de-Soluciones-Cloud/202612-MISW4204-Grupo11/internal/adapters/inbound/http/handlers/users.go:104.2,104.13 1 1
github.com/Desarrollo-de-Soluciones-Cloud/202612-MISW4204-Grupo11/internal/adapters/inbound/http/handlers/users.go:107.102,109.22 2 1
github.com/Desarrollo-de-Soluciones-Cloud/202612-MISW4204-Grupo11/internal/adapters/inbound/http/handlers/users.go:109.22,110.10 1 1
github.com/Desarrollo-de-Soluciones-Cloud/202612-MISW4204-Grupo11/internal/adapters/inbound/http/handlers/users.go:111.62,112.75 1 1
github.com/Desarrollo-de-Soluciones-Cloud/202612-MISW4204-Grupo11/internal/adapters/inbound/http/handlers/users.go:113.47,114.82 1 0
github.com/Desarrollo-de-Soluciones-Cloud/202612-MISW4204-Grupo11/internal/adapters/inbound/http/handlers/users.go:115.56,116.91 1 1
github.com/Desarrollo-de-Soluciones-Cloud/202612-MISW4204-Grupo11/internal/adapters/inbound/http/handlers/users.go:117.51,118.76 1 1
github.com/Desarrollo-de-Soluciones-Cloud/202612-MISW4204-Grupo11/internal/adapters/inbound/http/handlers/users.go:119.11,120.77 1 0
github.com/Desarrollo-de-Soluciones-Cloud/202612-MISW4204-Grupo11/internal/adapters/inbound/http/handlers/users.go:122.3,122.9 1 1
github.com/Desarrollo-de-Soluciones-Cloud/202612-MISW4204-Grupo11/internal/adapters/inbound/http/handlers/users.go:124.2,124.41 1 1
github.com/Desarrollo-de-Soluciones-Cloud/202612-MISW4204-Grupo11/internal/adapters/inbound/http/handlers/users.go:127.47,133.16 3 1
github.com/Desarrollo-de-Soluciones-Cloud/202612-MISW4204-Grupo11/internal/adapters/inbound/http/handlers/users.go:133.16,135.3 1 0
github.com/Desarrollo-de-Soluciones-Cloud/202612-MISW4204-Grupo11/internal/adapters/inbound/http/handlers/users.go:135.8,137.3 1 1
github.com/Desarrollo-de-Soluciones-Cloud/202612-MISW4204-Grupo11/internal/adapters/inbound/http/handlers/users.go:138.2,138.20 1 1
github.com/Desarrollo-de-Soluciones-Cloud/202612-MISW4204-Grupo11/internal/adapters/inbound/http/handlers/users.go:138.20,141.3 2 1
github.com/Desarrollo-de-Soluciones-Cloud/202612-MISW4204-Grupo11/internal/adapters/inbound/http/handlers/users.go:142.2,142.49 1 1
