mode: set
github.com/Desarrollo-de-Soluciones-Cloud/202612-MISW4204-Grupo11/internal/application/reports/service.go:28.18,36.2 1 1
github.com/Desarrollo-de-Soluciones-Cloud/202612-MISW4204-Grupo11/internal/application/reports/service.go:38.133,39.60 1 1
github.com/Desarrollo-de-Soluciones-Cloud/202612-MISW4204-Grupo11/internal/application/reports/service.go:39.60,41.3 1 1
github.com/Desarrollo-de-Soluciones-Cloud/202612-MISW4204-Grupo11/internal/application/reports/service.go:43.2,44.16 2 1
github.com/Desarrollo-de-Soluciones-Cloud/202612-MISW4204-Grupo11/internal/application/reports/service.go:44.16,46.3 1 1
github.com/Desarrollo-de-Soluciones-Cloud/202612-MISW4204-Grupo11/internal/application/reports/service.go:48.2,50.41 2 1
github.com/Desarrollo-de-Soluciones-Cloud/202612-MISW4204-Grupo11/internal/application/reports/service.go:50.41,52.17 2 1
github.com/Desarrollo-de-Soluciones-Cloud/202612-MISW4204-Grupo11/internal/application/reports/service.go:52.17,54.4 1 1
github.com/Desarrollo-de-Soluciones-Cloud/202612-MISW4204-Grupo11/internal/application/reports/service.go:56.3,56.22 1 1
github.com/Desarrollo-de-Soluciones-Cloud/202612-MISW4204-Grupo11/internal/application/reports/service.go:56.22,57.12 1 1
github.com/Desarrollo-de-Soluciones-Cloud/202612-MISW4204-Grupo11/internal/application/reports/service.go:60.3,61.27 2 1
github.com/Desarrollo-de-Soluciones-Cloud/202612-MISW4204-Grupo11/internal/application/reports/service.go:61.27,63.4 1 1
github.com/Desarrollo-de-Soluciones-Cloud/202612-MISW4204-Grupo11/internal/application/reports/service.go:65.3,68.17 3 1
github.com/Desarrollo-de-Soluciones-Cloud/202612-MISW4204-Grupo11/internal/application/reports/service.go:68.17,71.4 2 1
github.com/Desarrollo-de-Soluciones-Cloud/202612-MISW4204-Grupo11/internal/application/reports/service.go:73.3,83.17 2 1
github.com/Desarrollo-de-Soluciones-Cloud/202612-MISW4204-Grupo11/internal/application/reports/service.go:83.17,85.4 1 1
github.com/Desarrollo-de-Soluciones-Cloud/202612-MISW4204-Grupo11/internal/application/reports/service.go:87.3,98.56 2 1
github.com/Desarrollo-de-Soluciones-Cloud/202612-MISW4204-Grupo11/internal/application/reports/service.go:98.56,100.4 1 1
github.com/Desarrollo-de-Soluciones-Cloud/202612-MISW4204-Grupo11/internal/application/reports/service.go:102.3,102.36 1 1
github.com/Desarrollo-de-Soluciones-Cloud/202612-MISW4204-Grupo11/internal/application/reports/service.go:105.2,105.21 1 1
github.com/Desarrollo-de-Soluciones-Cloud/202612-MISW4204-Grupo11/internal/application/reports/service.go:108.102,110.16 2 1
github.com/Desarrollo-de-Soluciones-Cloud/202612-MISW4204-Grupo11/internal/application/reports/service.go:110.16,112.3 1 1
github.com/Desarrollo-de-Soluciones-Cloud/202612-MISW4204-Grupo11/internal/application/reports/service.go:114.2,115.16 2 1
github.com/Desarrollo-de-Soluciones-Cloud/202612-MISW4204-Grupo11/internal/application/reports/service.go:115.16,117.3 1 1
github.com/Desarrollo-de-Soluciones-Cloud/202612-MISW4204-Grupo11/internal/application/reports/service.go:119.2,119.12 1 1
github.com/Desarrollo-de-Soluciones-Cloud/202612-MISW4204-Grupo11/internal/application/reports/service.go:122.105,124.16 2 1
github.com/Desarrollo-de-Soluciones-Cloud/202612-MISW4204-Grupo11/internal/application/reports/service.go:124.16,126.3 1 1
github.com/Desarrollo-de-Soluciones-Cloud/202612-MISW4204-Grupo11/internal/application/reports/service.go:127.2,127.39 1 1
github.com/Desarrollo-de-Soluciones-Cloud/202612-MISW4204-Grupo11/internal/application/reports/service.go:127.39,129.3 1 1
github.com/Desarrollo-de-Soluciones-Cloud/202612-MISW4204-Grupo11/internal/application/reports/service.go:130.2,130.29 1 0
github.com/Desarrollo-de-Soluciones-Cloud/202612-MISW4204-Grupo11/internal/application/reports/service.go:133.102,135.2 1 1
github.com/Desarrollo-de-Soluciones-Cloud/202612-MISW4204-Grupo11/internal/application/reports/service.go:137.129,139.2 1 1
github.com/Desarrollo-de-Soluciones-Cloud/202612-MISW4204-Grupo11/internal/application/reports/service.go:144.132,147.26 3 1
github.com/Desarrollo-de-Soluciones-Cloud/202612-MISW4204-Grupo11/internal/application/reports/service.go:147.26,148.19 1 1
github.com/Desarrollo-de-Soluciones-Cloud/202612-MISW4204-Grupo11/internal/application/reports/service.go:149.26,150.13 1 1
github.com/Desarrollo-de-Soluciones-Cloud/202612-MISW4204-Grupo11/internal/application/reports/service.go:151.35,152.18 1 0
github.com/Desarrollo-de-Soluciones-Cloud/202612-MISW4204-Grupo11/internal/application/reports/service.go:153.31,154.16 1 1
github.com/Desarrollo-de-Soluciones-Cloud/202612-MISW4204-Grupo11/internal/application/reports/service.go:157.2,158.25 2 1
github.com/Desarrollo-de-Soluciones-Cloud/202612-MISW4204-Grupo11/internal/application/reports/service.go:158.25,160.3 1 1
github.com/Desarrollo-de-Soluciones-Cloud/202612-MISW4204-Grupo11/internal/application/reports/service.go:161.2,169.3 1 1
github.com/Desarrollo-de-Soluciones-Cloud/202612-MISW4204-Grupo11/internal/application/reports/service.go:172.113,179.26 4 1
github.com/Desarrollo-de-Soluciones-Cloud/202612-MISW4204-Grupo11/internal/application/reports/service.go:179.26,181.16 2 1
github.com/Desarrollo-de-Soluciones-Cloud/202612-MISW4204-Grupo11/internal/application/reports/service.go:181.16,183.4 1 1
github.com/Desarrollo-de-Soluciones-Cloud/202612-MISW4204-Grupo11/internal/application/reports/service.go:184.3,185.67 1 1
github.com/Desarrollo-de-Soluciones-Cloud/202612-MISW4204-Grupo11/internal/application/reports/service.go:187.2,189.20 3 1
github.com/Desarrollo-de-Soluciones-Cloud/202612-MISW4204-Grupo11/internal/application/reports/submit_service.go:22.74,28.2 1 1
github.com/Desarrollo-de-Soluciones-Cloud/202612-MISW4204-Grupo11/internal/application/reports/submit_service.go:30.139,31.60 1 1
github.com/Desarrollo-de-Soluciones-Cloud/202612-MISW4204-Grupo11/internal/application/reports/submit_service.go:31.60,33.3 1 1
github.com/Desarrollo-de-Soluciones-Cloud/202612-MISW4204-Grupo11/internal/application/reports/submit_service.go:35.2,42.69 2 1
github.com/Desarrollo-de-Soluciones-Cloud/202612-MISW4204-Grupo11/internal/application/reports/submit_service.go:42.69,44.3 1 1
github.com/Desarrollo-de-Soluciones-Cloud/202612-MISW4204-Grupo11/internal/application/reports/submit_service.go:46.2,46.17 1 1
